[
    {
        "id": "translated",
        "translation": "translated"
    },
    {
        "id": "ORG ADMIN:",
        "translation": "ORG ADMIN:"
    },
    {
        "id": "This is a string which has been {{.Translated}}.",
        "translation": "This is a string which has been {{.Translated}}."
    },
    {
        "id": "This is another string which has been {{.Translated}}.",
        "translation": "This is another string which has been {{.Translated}}."
    }
]
